------------------------------------------------------------
Timing Analyzer Summary
------------------------------------------------------------

Type  : Slow 1100mV 85C Model Setup 'clk'
Slack : -4.272
TNS   : -33.811

Type  : Slow 1100mV 85C Model Setup 'clk_counter[24]'
Slack : -0.418
TNS   : -0.418

Type  : Slow 1100mV 85C Model Hold 'clk_counter[24]'
Slack : 0.329
TNS   : 0.000

Type  : Slow 1100mV 85C Model Hold 'clk'
Slack : 0.449
TNS   : 0.000

Type  : Slow 1100mV 85C Model Minimum Pulse Width 'clk'
Slack : -0.394
TNS   : -13.245

Type  : Slow 1100mV 85C Model Minimum Pulse Width 'clk_counter[24]'
Slack : -0.394
TNS   : -0.511

Type  : Slow 1100mV 0C Model Setup 'clk'
Slack : -4.182
TNS   : -36.006

Type  : Slow 1100mV 0C Model Setup 'clk_counter[24]'
Slack : -0.380
TNS   : -0.380

Type  : Slow 1100mV 0C Model Hold 'clk_counter[24]'
Slack : 0.308
TNS   : 0.000

Type  : Slow 1100mV 0C Model Hold 'clk'
Slack : 0.450
TNS   : 0.000

Type  : Slow 1100mV 0C Model Minimum Pulse Width 'clk'
Slack : -0.400
TNS   : -14.260

Type  : Slow 1100mV 0C Model Minimum Pulse Width 'clk_counter[24]'
Slack : -0.394
TNS   : -0.513

Type  : Fast 1100mV 85C Model Setup 'clk'
Slack : -3.177
TNS   : -10.201

Type  : Fast 1100mV 85C Model Setup 'clk_counter[24]'
Slack : -0.013
TNS   : -0.013

Type  : Fast 1100mV 85C Model Hold 'clk_counter[24]'
Slack : 0.142
TNS   : 0.000

Type  : Fast 1100mV 85C Model Hold 'clk'
Slack : 0.226
TNS   : 0.000

Type  : Fast 1100mV 85C Model Minimum Pulse Width 'clk'
Slack : -0.416
TNS   : -2.545

Type  : Fast 1100mV 85C Model Minimum Pulse Width 'clk_counter[24]'
Slack : 0.143
TNS   : 0.000

Type  : Fast 1100mV 0C Model Setup 'clk'
Slack : -2.681
TNS   : -9.245

Type  : Fast 1100mV 0C Model Setup 'clk_counter[24]'
Slack : 0.029
TNS   : 0.000

Type  : Fast 1100mV 0C Model Hold 'clk_counter[24]'
Slack : 0.119
TNS   : 0.000

Type  : Fast 1100mV 0C Model Hold 'clk'
Slack : 0.222
TNS   : 0.000

Type  : Fast 1100mV 0C Model Minimum Pulse Width 'clk'
Slack : -0.418
TNS   : -2.555

Type  : Fast 1100mV 0C Model Minimum Pulse Width 'clk_counter[24]'
Slack : 0.147
TNS   : 0.000

------------------------------------------------------------
