------------------------------------------------------------
Timing Analyzer Summary
------------------------------------------------------------

Type  : Slow 1100mV 85C Model Setup 'clk'
Slack : -81.702
TNS   : -201168.786

Type  : Slow 1100mV 85C Model Hold 'clk'
Slack : 0.381
TNS   : 0.000

Type  : Slow 1100mV 85C Model Minimum Pulse Width 'clk'
Slack : -0.394
TNS   : -1360.233

Type  : Slow 1100mV 0C Model Setup 'clk'
Slack : -82.670
TNS   : -203099.253

Type  : Slow 1100mV 0C Model Hold 'clk'
Slack : 0.401
TNS   : 0.000

Type  : Slow 1100mV 0C Model Minimum Pulse Width 'clk'
Slack : -0.394
TNS   : -1443.384

Type  : Fast 1100mV 85C Model Setup 'clk'
Slack : -45.911
TNS   : -112347.665

Type  : Fast 1100mV 85C Model Hold 'clk'
Slack : 0.183
TNS   : 0.000

Type  : Fast 1100mV 85C Model Minimum Pulse Width 'clk'
Slack : -0.097
TNS   : -231.744

Type  : Fast 1100mV 0C Model Setup 'clk'
Slack : -42.636
TNS   : -104671.665

Type  : Fast 1100mV 0C Model Hold 'clk'
Slack : 0.177
TNS   : 0.000

Type  : Fast 1100mV 0C Model Minimum Pulse Width 'clk'
Slack : -0.092
TNS   : -224.417

------------------------------------------------------------
